// Jest Snapshot v1, https://goo.gl/fbAQLP

exports[`Pruebas en el componente <GifGrid /> deber√≠a mostrarse correctamente 1`] = `
<Fragment>
  <h3
    className="animate__animated animate__lightSpeedInLeft"
  >
    Panda
  </h3>
  <Loading />
  <div
    className="card-grid"
  />
</Fragment>
`;
